-- Logs begin at Thu 2017-01-26 15:40:35 CET, end at Fri 2017-03-24 17:31:53 CET. --
Mar 24 16:57:16 roblabla systemd-journald[167]: Time spent on flushing to /var is 523us for 0 entries.
Mar 24 16:57:16 roblabla kernel: Linux version 4.11.0-rc3-00161-gebe64824e9de-dirty (nobody@roblabla) (gcc version 6.3.1 20170109 (GCC) ) #1 SMP PREEMPT Fri Mar 24 15:56:28 CET 2017
Mar 24 16:57:16 roblabla kernel: Command line: root=UUID=cdfd395b-c9e2-40cd-86a6-f4219032442c rw quiet
Mar 24 16:57:16 roblabla kernel: x86/fpu: Supporting XSAVE feature 0x001: 'x87 floating point registers'
Mar 24 16:57:16 roblabla kernel: x86/fpu: Supporting XSAVE feature 0x002: 'SSE registers'
Mar 24 16:57:16 roblabla kernel: x86/fpu: Supporting XSAVE feature 0x004: 'AVX registers'
Mar 24 16:57:16 roblabla kernel: x86/fpu: xstate_offset[2]:  576, xstate_sizes[2]:  256
Mar 24 16:57:16 roblabla kernel: x86/fpu: Enabled xstate features 0x7, context size is 832 bytes, using 'standard' format.
Mar 24 16:57:16 roblabla kernel: e820: BIOS-provided physical RAM map:
Mar 24 16:57:16 roblabla kernel: BIOS-e820: [mem 0x0000000000000100-0x000000000009fbff] usable
Mar 24 16:57:16 roblabla kernel: BIOS-e820: [mem 0x000000000009fc00-0x000000000009ffff] reserved
Mar 24 16:57:16 roblabla kernel: BIOS-e820: [mem 0x00000000000f0000-0x00000000000fffff] reserved
Mar 24 16:57:16 roblabla kernel: BIOS-e820: [mem 0x0000000000100000-0x000000003ffeffff] usable
Mar 24 16:57:16 roblabla kernel: BIOS-e820: [mem 0x000000003fff0000-0x000000003fffffff] ACPI data
Mar 24 16:57:16 roblabla kernel: BIOS-e820: [mem 0x00000000fec00000-0x00000000fec00fff] reserved
Mar 24 16:57:16 roblabla kernel: BIOS-e820: [mem 0x00000000fee00000-0x00000000fee00fff] reserved
Mar 24 16:57:16 roblabla kernel: BIOS-e820: [mem 0x00000000fffc0000-0x00000000ffffffff] reserved
Mar 24 16:57:16 roblabla kernel: NX (Execute Disable) protection: active
Mar 24 16:57:16 roblabla kernel: SMBIOS 2.5 present.
Mar 24 16:57:16 roblabla kernel: DMI: innotek GmbH VirtualBox/VirtualBox, BIOS VirtualBox 12/01/2006
Mar 24 16:57:16 roblabla kernel: Hypervisor detected: KVM
Mar 24 16:57:16 roblabla kernel: e820: update [mem 0x00000000-0x00000fff] usable ==> reserved
Mar 24 16:57:16 roblabla kernel: e820: remove [mem 0x000a0000-0x000fffff] usable
Mar 24 16:57:16 roblabla kernel: e820: last_pfn = 0x3fff0 max_arch_pfn = 0x400000000
Mar 24 16:57:16 roblabla kernel: MTRR default type: uncachable
Mar 24 16:57:16 roblabla kernel: MTRR variable ranges disabled:
Mar 24 16:57:16 roblabla kernel: MTRR: Disabled
Mar 24 16:57:16 roblabla kernel: x86/PAT: MTRRs disabled, skipping PAT initialization too.
Mar 24 16:57:16 roblabla kernel: x86/PAT: Configuration [0-7]: WB  WT  UC- UC  WB  WT  UC- UC  
Mar 24 16:57:16 roblabla kernel: CPU MTRRs all blank - virtualized system.
Mar 24 16:57:16 roblabla kernel: x2apic: enabled by BIOS, switching to x2apic ops
Mar 24 16:57:16 roblabla kernel: found SMP MP-table at [mem 0x0009fff0-0x0009ffff] mapped at [ffff88000009fff0]
Mar 24 16:57:16 roblabla kernel: Scanning 1 areas for low memory corruption
Mar 24 16:57:16 roblabla kernel: Base memory trampoline at [ffff880000099000] 99000 size 24576
Mar 24 16:57:16 roblabla kernel: BRK [0x3ed43000, 0x3ed43fff] PGTABLE
Mar 24 16:57:16 roblabla kernel: BRK [0x3ed44000, 0x3ed44fff] PGTABLE
Mar 24 16:57:16 roblabla kernel: BRK [0x3ed45000, 0x3ed45fff] PGTABLE
Mar 24 16:57:16 roblabla kernel: BRK [0x3ed46000, 0x3ed46fff] PGTABLE
Mar 24 16:57:16 roblabla kernel: RAMDISK: [mem 0x3fa53000-0x3ffe1fff]
Mar 24 16:57:16 roblabla kernel: ACPI: Early table checksum verification disabled
Mar 24 16:57:16 roblabla kernel: ACPI: RSDP 0x00000000000E0000 000024 (v02 VBOX  )
Mar 24 16:57:16 roblabla kernel: ACPI: XSDT 0x000000003FFF0030 00003C (v01 VBOX   VBOXXSDT 00000001 ASL  00000061)
Mar 24 16:57:16 roblabla kernel: ACPI: FACP 0x000000003FFF00F0 0000F4 (v04 VBOX   VBOXFACP 00000001 ASL  00000061)
Mar 24 16:57:16 roblabla kernel: ACPI: DSDT 0x000000003FFF0470 00210F (v01 VBOX   VBOXBIOS 00000002 INTL 20100528)
Mar 24 16:57:16 roblabla kernel: ACPI: FACS 0x000000003FFF0200 000040
Mar 24 16:57:16 roblabla kernel: ACPI: FACS 0x000000003FFF0200 000040
Mar 24 16:57:16 roblabla kernel: ACPI: APIC 0x000000003FFF0240 000054 (v02 VBOX   VBOXAPIC 00000001 ASL  00000061)
Mar 24 16:57:16 roblabla kernel: ACPI: SSDT 0x000000003FFF02A0 0001CC (v01 VBOX   VBOXCPUT 00000002 INTL 20100528)
Mar 24 16:57:16 roblabla kernel: ACPI: Local APIC address 0xfee00000
Mar 24 16:57:16 roblabla kernel: Setting APIC routing to cluster x2apic.
Mar 24 16:57:16 roblabla kernel: No NUMA configuration found
Mar 24 16:57:16 roblabla kernel: Faking a node at [mem 0x0000000000000000-0x000000003ffeffff]
Mar 24 16:57:16 roblabla kernel: NODE_DATA(0) allocated [mem 0x3ffeb000-0x3ffeffff]
Mar 24 16:57:16 roblabla kernel: kvm-clock: Using msrs 4b564d01 and 4b564d00
Mar 24 16:57:16 roblabla kernel: kvm-clock: cpu 0, msr 0:3ffe9001, primary cpu clock
Mar 24 16:57:16 roblabla kernel: kvm-clock: using sched offset of 6080520582910 cycles
Mar 24 16:57:16 roblabla kernel: clocksource: kvm-clock: mask: 0xffffffffffffffff max_cycles: 0x1cd42e4dffb, max_idle_ns: 881590591483 ns
Mar 24 16:57:16 roblabla kernel: Zone ranges:
Mar 24 16:57:16 roblabla kernel:   DMA      [mem 0x0000000000001000-0x0000000000ffffff]
Mar 24 16:57:16 roblabla kernel:   DMA32    [mem 0x0000000001000000-0x000000003ffeffff]
Mar 24 16:57:16 roblabla kernel:   Normal   empty
Mar 24 16:57:16 roblabla kernel:   Device   empty
Mar 24 16:57:16 roblabla kernel: Movable zone start for each node
Mar 24 16:57:16 roblabla kernel: Early memory node ranges
Mar 24 16:57:16 roblabla kernel:   node   0: [mem 0x0000000000001000-0x000000000009efff]
Mar 24 16:57:16 roblabla kernel:   node   0: [mem 0x0000000000100000-0x000000003ffeffff]
Mar 24 16:57:16 roblabla kernel: Initmem setup node 0 [mem 0x0000000000001000-0x000000003ffeffff]
Mar 24 16:57:16 roblabla kernel: On node 0 totalpages: 262030
Mar 24 16:57:16 roblabla kernel:   DMA zone: 64 pages used for memmap
Mar 24 16:57:16 roblabla kernel:   DMA zone: 21 pages reserved
Mar 24 16:57:16 roblabla kernel:   DMA zone: 3998 pages, LIFO batch:0
Mar 24 16:57:16 roblabla kernel:   DMA32 zone: 4032 pages used for memmap
Mar 24 16:57:16 roblabla kernel:   DMA32 zone: 258032 pages, LIFO batch:31
Mar 24 16:57:16 roblabla kernel: ACPI: PM-Timer IO Port: 0x4008
Mar 24 16:57:16 roblabla kernel: ACPI: Local APIC address 0xfee00000
Mar 24 16:57:16 roblabla kernel: IOAPIC[0]: apic_id 1, version 32, address 0xfec00000, GSI 0-23
Mar 24 16:57:16 roblabla kernel: ACPI: INT_SRC_OVR (bus 0 bus_irq 0 global_irq 2 dfl dfl)
Mar 24 16:57:16 roblabla kernel: ACPI: INT_SRC_OVR (bus 0 bus_irq 9 global_irq 9 high level)
Mar 24 16:57:16 roblabla kernel: ACPI: IRQ0 used by override.
Mar 24 16:57:16 roblabla kernel: ACPI: IRQ9 used by override.
Mar 24 16:57:16 roblabla kernel: Using ACPI (MADT) for SMP configuration information
Mar 24 16:57:16 roblabla kernel: smpboot: Allowing 1 CPUs, 0 hotplug CPUs
Mar 24 16:57:16 roblabla kernel: PM: Registered nosave memory: [mem 0x00000000-0x00000fff]
Mar 24 16:57:16 roblabla kernel: PM: Registered nosave memory: [mem 0x0009f000-0x0009ffff]
Mar 24 16:57:16 roblabla kernel: PM: Registered nosave memory: [mem 0x000a0000-0x000effff]
Mar 24 16:57:16 roblabla kernel: PM: Registered nosave memory: [mem 0x000f0000-0x000fffff]
Mar 24 16:57:16 roblabla kernel: e820: [mem 0x40000000-0xfebfffff] available for PCI devices
Mar 24 16:57:16 roblabla kernel: Booting paravirtualized kernel on KVM
Mar 24 16:57:16 roblabla kernel: clocksource: refined-jiffies: mask: 0xffffffff max_cycles: 0xffffffff, max_idle_ns: 6370452778343963 ns
Mar 24 16:57:16 roblabla kernel: setup_percpu: NR_CPUS:128 nr_cpumask_bits:128 nr_cpu_ids:1 nr_node_ids:1
Mar 24 16:57:16 roblabla kernel: percpu: Embedded 37 pages/cpu @ffff88003f800000 s111448 r8192 d31912 u2097152
Mar 24 16:57:16 roblabla kernel: pcpu-alloc: s111448 r8192 d31912 u2097152 alloc=1*2097152
Mar 24 16:57:16 roblabla kernel: pcpu-alloc: [0] 0 
Mar 24 16:57:16 roblabla kernel: PV qspinlock hash table entries: 256 (order: 0, 4096 bytes)
Mar 24 16:57:16 roblabla kernel: Built 1 zonelists in Node order, mobility grouping on.  Total pages: 257913
Mar 24 16:57:16 roblabla kernel: Policy zone: DMA32
Mar 24 16:57:16 roblabla kernel: Kernel command line: root=UUID=cdfd395b-c9e2-40cd-86a6-f4219032442c rw quiet
Mar 24 16:57:16 roblabla kernel: PID hash table entries: 4096 (order: 3, 32768 bytes)
Mar 24 16:57:16 roblabla kernel: Calgary: detecting Calgary via BIOS EBDA area
Mar 24 16:57:16 roblabla kernel: Calgary: Unable to locate Rio Grande table in EBDA - bailing!
Mar 24 16:57:16 roblabla kernel: Memory: 1012124K/1048120K available (6432K kernel code, 1089K rwdata, 2000K rodata, 1308K init, 904K bss, 35996K reserved, 0K cma-reserved)
Mar 24 16:57:16 roblabla kernel: SLUB: HWalign=64, Order=0-3, MinObjects=0, CPUs=1, Nodes=1
Mar 24 16:57:16 roblabla kernel: Preemptible hierarchical RCU implementation.
Mar 24 16:57:16 roblabla kernel:         Build-time adjustment of leaf fanout to 64.
Mar 24 16:57:16 roblabla kernel:         RCU restricting CPUs from NR_CPUS=128 to nr_cpu_ids=1.
Mar 24 16:57:16 roblabla kernel: RCU: Adjusting geometry for rcu_fanout_leaf=64, nr_cpu_ids=1
Mar 24 16:57:16 roblabla kernel: NR_IRQS:8448 nr_irqs:256 16
Mar 24 16:57:16 roblabla kernel: Console: colour dummy device 80x25
Mar 24 16:57:16 roblabla kernel: console [tty0] enabled
Mar 24 16:57:16 roblabla kernel: tsc: Detected 2893.406 MHz processor
Mar 24 16:57:16 roblabla kernel: Calibrating delay loop (skipped) preset value.. 5789.92 BogoMIPS (lpj=9644686)
Mar 24 16:57:16 roblabla kernel: pid_max: default: 32768 minimum: 301
Mar 24 16:57:16 roblabla kernel: ACPI: Core revision 20170119
Mar 24 16:57:16 roblabla kernel: ACPI: 2 ACPI AML tables successfully acquired and loaded
Mar 24 16:57:16 roblabla kernel: Security Framework initialized
Mar 24 16:57:16 roblabla kernel: Yama: becoming mindful.
Mar 24 16:57:16 roblabla kernel: Dentry cache hash table entries: 131072 (order: 8, 1048576 bytes)
Mar 24 16:57:16 roblabla kernel: Inode-cache hash table entries: 65536 (order: 7, 524288 bytes)
Mar 24 16:57:16 roblabla kernel: Mount-cache hash table entries: 2048 (order: 2, 16384 bytes)
Mar 24 16:57:16 roblabla kernel: Mountpoint-cache hash table entries: 2048 (order: 2, 16384 bytes)
Mar 24 16:57:16 roblabla kernel: CPU: Physical Processor ID: 0
Mar 24 16:57:16 roblabla kernel: mce: CPU supports 0 MCE banks
Mar 24 16:57:16 roblabla kernel: process: using mwait in idle threads
Mar 24 16:57:16 roblabla kernel: Last level iTLB entries: 4KB 512, 2MB 8, 4MB 8
Mar 24 16:57:16 roblabla kernel: Last level dTLB entries: 4KB 512, 2MB 32, 4MB 32, 1GB 0
Mar 24 16:57:16 roblabla kernel: Freeing SMP alternatives memory: 24K
Mar 24 16:57:16 roblabla kernel: ftrace: allocating 25353 entries in 100 pages
Mar 24 16:57:16 roblabla kernel: smpboot: Max logical packages: 1
Mar 24 16:57:16 roblabla kernel: Switched APIC routing to physical x2apic.
Mar 24 16:57:16 roblabla kernel: ..TIMER: vector=0x30 apic1=0 pin1=2 apic2=-1 pin2=-1
Mar 24 16:57:16 roblabla kernel: APIC calibration not consistent with PM-Timer: 101ms instead of 100ms
Mar 24 16:57:16 roblabla kernel: APIC delta adjusted to PM-Timer: 6249992 (6312989)
Mar 24 16:57:16 roblabla kernel: smpboot: CPU0: Intel(R) Core(TM) i5-3470S CPU @ 2.90GHz (family: 0x6, model: 0x3a, stepping: 0x9)
Mar 24 16:57:16 roblabla kernel: Performance Events: unsupported p6 CPU model 58 no PMU driver, software events only.
Mar 24 16:57:16 roblabla kernel: smp: Bringing up secondary CPUs ...
Mar 24 16:57:16 roblabla kernel: smp: Brought up 1 node, 1 CPU
Mar 24 16:57:16 roblabla kernel: smpboot: Total of 1 processors activated (5789.92 BogoMIPS)
Mar 24 16:57:16 roblabla kernel: sched_clock: Marking stable (43333329, 0)->(175901961, -132568632)
Mar 24 16:57:16 roblabla kernel: devtmpfs: initialized
Mar 24 16:57:16 roblabla kernel: x86/mm: Memory block size: 128MB
Mar 24 16:57:16 roblabla kernel: clocksource: jiffies: mask: 0xffffffff max_cycles: 0xffffffff, max_idle_ns: 6370867519511994 ns
Mar 24 16:57:16 roblabla kernel: futex hash table entries: 256 (order: 2, 16384 bytes)
Mar 24 16:57:16 roblabla kernel: pinctrl core: initialized pinctrl subsystem
Mar 24 16:57:16 roblabla kernel: RTC time: 15:57:08, date: 03/24/17
Mar 24 16:57:16 roblabla kernel: NET: Registered protocol family 16
Mar 24 16:57:16 roblabla kernel: cpuidle: using governor ladder
Mar 24 16:57:16 roblabla kernel: cpuidle: using governor menu
Mar 24 16:57:16 roblabla kernel: PCCT header not found.
Mar 24 16:57:16 roblabla kernel: ACPI: bus type PCI registered
Mar 24 16:57:16 roblabla kernel: acpiphp: ACPI Hot Plug PCI Controller Driver version: 0.5
Mar 24 16:57:16 roblabla kernel: PCI: Using configuration type 1 for base access
Mar 24 16:57:16 roblabla kernel: HugeTLB registered 2 MB page size, pre-allocated 0 pages
Mar 24 16:57:16 roblabla kernel: ACPI: Added _OSI(Module Device)
Mar 24 16:57:16 roblabla kernel: ACPI: Added _OSI(Processor Device)
Mar 24 16:57:16 roblabla kernel: ACPI: Added _OSI(3.0 _SCP Extensions)
Mar 24 16:57:16 roblabla kernel: ACPI: Added _OSI(Processor Aggregator Device)
Mar 24 16:57:16 roblabla kernel: ACPI: Executed 1 blocks of module-level executable AML code
Mar 24 16:57:16 roblabla kernel: ACPI: Interpreter enabled
Mar 24 16:57:16 roblabla kernel: ACPI: (supports S0 S5)
Mar 24 16:57:16 roblabla kernel: ACPI: Using IOAPIC for interrupt routing
Mar 24 16:57:16 roblabla kernel: PCI: Using host bridge windows from ACPI; if necessary, use "pci=nocrs" and report a bug
Mar 24 16:57:16 roblabla kernel: ACPI: PCI Root Bridge [PCI0] (domain 0000 [bus 00-ff])
Mar 24 16:57:16 roblabla kernel: acpi PNP0A03:00: _OSC: OS supports [ASPM ClockPM Segments MSI]
Mar 24 16:57:16 roblabla kernel: acpi PNP0A03:00: _OSC failed (AE_NOT_FOUND); disabling ASPM
Mar 24 16:57:16 roblabla kernel: acpi PNP0A03:00: fail to add MMCONFIG information, can't access extended PCI configuration space under this bridge.
Mar 24 16:57:16 roblabla kernel: PCI host bridge to bus 0000:00
Mar 24 16:57:16 roblabla kernel: pci_bus 0000:00: root bus resource [io  0x0000-0x0cf7 window]
Mar 24 16:57:16 roblabla kernel: pci_bus 0000:00: root bus resource [io  0x0d00-0xffff window]
Mar 24 16:57:16 roblabla kernel: pci_bus 0000:00: root bus resource [mem 0x000a0000-0x000bffff window]
Mar 24 16:57:16 roblabla kernel: pci_bus 0000:00: root bus resource [mem 0x40000000-0xffdfffff window]
Mar 24 16:57:16 roblabla kernel: pci_bus 0000:00: root bus resource [bus 00-ff]
Mar 24 16:57:16 roblabla kernel: pci 0000:00:00.0: [8086:1237] type 00 class 0x060000
Mar 24 16:57:16 roblabla kernel: pci 0000:00:01.0: [8086:7000] type 00 class 0x060100
Mar 24 16:57:16 roblabla kernel: pci 0000:00:01.1: [8086:7111] type 00 class 0x01018a
Mar 24 16:57:16 roblabla kernel: pci 0000:00:01.1: reg 0x20: [io  0xd000-0xd00f]
Mar 24 16:57:16 roblabla kernel: pci 0000:00:01.1: legacy IDE quirk: reg 0x10: [io  0x01f0-0x01f7]
Mar 24 16:57:16 roblabla kernel: pci 0000:00:01.1: legacy IDE quirk: reg 0x14: [io  0x03f6]
Mar 24 16:57:16 roblabla kernel: pci 0000:00:01.1: legacy IDE quirk: reg 0x18: [io  0x0170-0x0177]
Mar 24 16:57:16 roblabla kernel: pci 0000:00:01.1: legacy IDE quirk: reg 0x1c: [io  0x0376]
Mar 24 16:57:16 roblabla kernel: pci 0000:00:02.0: [80ee:beef] type 00 class 0x030000
Mar 24 16:57:16 roblabla kernel: pci 0000:00:02.0: reg 0x10: [mem 0xe0000000-0xe0ffffff pref]
Mar 24 16:57:16 roblabla kernel: pci 0000:00:03.0: [8086:100e] type 00 class 0x020000
Mar 24 16:57:16 roblabla kernel: pci 0000:00:03.0: reg 0x10: [mem 0xf0000000-0xf001ffff]
Mar 24 16:57:16 roblabla kernel: pci 0000:00:03.0: reg 0x18: [io  0xd010-0xd017]
Mar 24 16:57:16 roblabla kernel: pci 0000:00:04.0: [80ee:cafe] type 00 class 0x088000
Mar 24 16:57:16 roblabla kernel: pci 0000:00:04.0: reg 0x10: [io  0xd020-0xd03f]
Mar 24 16:57:16 roblabla kernel: pci 0000:00:04.0: reg 0x14: [mem 0xf0400000-0xf07fffff]
Mar 24 16:57:16 roblabla kernel: pci 0000:00:04.0: reg 0x18: [mem 0xf0800000-0xf0803fff pref]
Mar 24 16:57:16 roblabla kernel: pci 0000:00:05.0: [8086:2415] type 00 class 0x040100
Mar 24 16:57:16 roblabla kernel: pci 0000:00:05.0: reg 0x10: [io  0xd100-0xd1ff]
Mar 24 16:57:16 roblabla kernel: pci 0000:00:05.0: reg 0x14: [io  0xd200-0xd23f]
Mar 24 16:57:16 roblabla kernel: pci 0000:00:06.0: [106b:003f] type 00 class 0x0c0310
Mar 24 16:57:16 roblabla kernel: pci 0000:00:06.0: reg 0x10: [mem 0xf0804000-0xf0804fff]
Mar 24 16:57:16 roblabla kernel: pci 0000:00:07.0: [8086:7113] type 00 class 0x068000
Mar 24 16:57:16 roblabla kernel: pci 0000:00:0d.0: [8086:2829] type 00 class 0x010601
Mar 24 16:57:16 roblabla kernel: pci 0000:00:0d.0: reg 0x10: [io  0xd240-0xd247]
Mar 24 16:57:16 roblabla kernel: pci 0000:00:0d.0: reg 0x18: [io  0xd250-0xd257]
Mar 24 16:57:16 roblabla kernel: pci 0000:00:0d.0: reg 0x20: [io  0xd260-0xd26f]
Mar 24 16:57:16 roblabla kernel: pci 0000:00:0d.0: reg 0x24: [mem 0xf0806000-0xf0807fff]
Mar 24 16:57:16 roblabla kernel: ACPI: PCI Interrupt Link [LNKA] (IRQs 5 9 10 *11), disabled.
Mar 24 16:57:16 roblabla kernel: ACPI: PCI Interrupt Link [LNKB] (IRQs 5 9 10 *11), disabled.
Mar 24 16:57:16 roblabla kernel: ACPI: PCI Interrupt Link [LNKC] (IRQs 5 9 *10 11), disabled.
Mar 24 16:57:16 roblabla kernel: ACPI: PCI Interrupt Link [LNKD] (IRQs 5 9 10 *11), disabled.
Mar 24 16:57:16 roblabla kernel: ACPI: Enabled 2 GPEs in block 00 to 07
Mar 24 16:57:16 roblabla kernel: pci 0000:00:02.0: vgaarb: setting as boot VGA device
Mar 24 16:57:16 roblabla kernel: pci 0000:00:02.0: vgaarb: VGA device added: decodes=io+mem,owns=io+mem,locks=none
Mar 24 16:57:16 roblabla kernel: pci 0000:00:02.0: vgaarb: bridge control possible
Mar 24 16:57:16 roblabla kernel: vgaarb: loaded
Mar 24 16:57:16 roblabla kernel: PCI: Using ACPI for IRQ routing
Mar 24 16:57:16 roblabla kernel: PCI: pci_cache_line_size set to 64 bytes
Mar 24 16:57:16 roblabla kernel: e820: reserve RAM buffer [mem 0x0009fc00-0x0009ffff]
Mar 24 16:57:16 roblabla kernel: e820: reserve RAM buffer [mem 0x3fff0000-0x3fffffff]
Mar 24 16:57:16 roblabla kernel: NetLabel: Initializing
Mar 24 16:57:16 roblabla kernel: NetLabel:  domain hash size = 128
Mar 24 16:57:16 roblabla kernel: NetLabel:  protocols = UNLABELED CIPSOv4 CALIPSO
Mar 24 16:57:16 roblabla kernel: NetLabel:  unlabeled traffic allowed by default
Mar 24 16:57:16 roblabla kernel: clocksource: Switched to clocksource kvm-clock
Mar 24 16:57:16 roblabla kernel: VFS: Disk quotas dquot_6.6.0
Mar 24 16:57:16 roblabla kernel: VFS: Dquot-cache hash table entries: 512 (order 0, 4096 bytes)
Mar 24 16:57:16 roblabla kernel: pnp: PnP ACPI init
Mar 24 16:57:16 roblabla kernel: pnp 00:00: Plug and Play ACPI device, IDs PNP0303 (active)
Mar 24 16:57:16 roblabla kernel: pnp 00:01: Plug and Play ACPI device, IDs PNP0f03 (active)
Mar 24 16:57:16 roblabla kernel: pnp: PnP ACPI: found 2 devices
Mar 24 16:57:16 roblabla kernel: clocksource: acpi_pm: mask: 0xffffff max_cycles: 0xffffff, max_idle_ns: 2085701024 ns
Mar 24 16:57:16 roblabla kernel: pci_bus 0000:00: resource 4 [io  0x0000-0x0cf7 window]
Mar 24 16:57:16 roblabla kernel: pci_bus 0000:00: resource 5 [io  0x0d00-0xffff window]
Mar 24 16:57:16 roblabla kernel: pci_bus 0000:00: resource 6 [mem 0x000a0000-0x000bffff window]
Mar 24 16:57:16 roblabla kernel: pci_bus 0000:00: resource 7 [mem 0x40000000-0xffdfffff window]
Mar 24 16:57:16 roblabla kernel: NET: Registered protocol family 2
Mar 24 16:57:16 roblabla kernel: TCP established hash table entries: 8192 (order: 4, 65536 bytes)
Mar 24 16:57:16 roblabla kernel: TCP bind hash table entries: 8192 (order: 5, 131072 bytes)
Mar 24 16:57:16 roblabla kernel: TCP: Hash tables configured (established 8192 bind 8192)
Mar 24 16:57:16 roblabla kernel: UDP hash table entries: 512 (order: 2, 16384 bytes)
Mar 24 16:57:16 roblabla kernel: UDP-Lite hash table entries: 512 (order: 2, 16384 bytes)
Mar 24 16:57:16 roblabla kernel: NET: Registered protocol family 1
Mar 24 16:57:16 roblabla kernel: pci 0000:00:00.0: Limiting direct PCI/PCI transfers
Mar 24 16:57:16 roblabla kernel: pci 0000:00:01.0: Activating ISA DMA hang workarounds
Mar 24 16:57:16 roblabla kernel: pci 0000:00:02.0: Video device with shadowed ROM at [mem 0x000c0000-0x000dffff]
Mar 24 16:57:16 roblabla kernel: PCI: CLS 0 bytes, default 64
Mar 24 16:57:16 roblabla kernel: Unpacking initramfs...
Mar 24 16:57:16 roblabla kernel: Freeing initrd memory: 5692K
Mar 24 16:57:16 roblabla kernel: platform rtc_cmos: registered platform RTC device (no PNP device found)
Mar 24 16:57:16 roblabla kernel: Scanning for low memory corruption every 60 seconds
Mar 24 16:57:16 roblabla kernel: Initialise system trusted keyrings
Mar 24 16:57:16 roblabla kernel: workingset: timestamp_bits=40 max_order=18 bucket_order=0
Mar 24 16:57:16 roblabla kernel: zbud: loaded
Mar 24 16:57:16 roblabla kernel: Key type asymmetric registered
Mar 24 16:57:16 roblabla kernel: Block layer SCSI generic (bsg) driver version 0.4 loaded (major 249)
Mar 24 16:57:16 roblabla kernel: io scheduler noop registered
Mar 24 16:57:16 roblabla kernel: io scheduler deadline registered
Mar 24 16:57:16 roblabla kernel: io scheduler cfq registered (default)
Mar 24 16:57:16 roblabla kernel: io scheduler mq-deadline registered
Mar 24 16:57:16 roblabla kernel: vesafb: mode is 640x480x32, linelength=2560, pages=304
Mar 24 16:57:16 roblabla kernel: vesafb: scrolling: redraw
Mar 24 16:57:16 roblabla kernel: vesafb: Truecolor: size=8:8:8:8, shift=24:16:8:0
Mar 24 16:57:16 roblabla kernel: vesafb: framebuffer at 0xe0000000, mapped to 0xffffc90000400000, using 1216k, total 1216k
Mar 24 16:57:16 roblabla kernel: Console: switching to colour frame buffer device 80x30
Mar 24 16:57:16 roblabla kernel: fb0: VESA VGA frame buffer device
Mar 24 16:57:16 roblabla kernel: GHES: HEST is not enabled!
Mar 24 16:57:16 roblabla kernel: Serial: 8250/16550 driver, 4 ports, IRQ sharing enabled
Mar 24 16:57:16 roblabla kernel: Linux agpgart interface v0.103
Mar 24 16:57:16 roblabla kernel: rtc_cmos rtc_cmos: rtc core: registered rtc_cmos as rtc0
Mar 24 16:57:16 roblabla kernel: rtc_cmos rtc_cmos: alarms up to one day, 114 bytes nvram
Mar 24 16:57:16 roblabla kernel: ledtrig-cpu: registered to indicate activity on CPUs
Mar 24 16:57:16 roblabla kernel: NET: Registered protocol family 10
Mar 24 16:57:16 roblabla kernel: Segment Routing with IPv6
Mar 24 16:57:16 roblabla kernel: NET: Registered protocol family 17
Mar 24 16:57:16 roblabla kernel: registered taskstats version 1
Mar 24 16:57:16 roblabla kernel: Loading compiled-in X.509 certificates
Mar 24 16:57:16 roblabla kernel: zswap: loaded using pool lzo/zbud
Mar 24 16:57:16 roblabla kernel:   Magic number: 9:817:993
Mar 24 16:57:16 roblabla kernel: rtc_cmos rtc_cmos: setting system clock to 2017-03-24 15:57:08 UTC (1490371028)
Mar 24 16:57:16 roblabla kernel: PM: Hibernation image not present or could not be loaded.
Mar 24 16:57:16 roblabla kernel: Freeing unused kernel memory: 1308K
Mar 24 16:57:16 roblabla kernel: Write protecting the kernel read-only data: 10240k
Mar 24 16:57:16 roblabla kernel: Freeing unused kernel memory: 1744K
Mar 24 16:57:16 roblabla kernel: Freeing unused kernel memory: 48K
Mar 24 16:57:16 roblabla kernel: random: systemd-tmpfile: uninitialized urandom read (16 bytes read)
Mar 24 16:57:16 roblabla kernel: random: udevadm: uninitialized urandom read (16 bytes read)
Mar 24 16:57:16 roblabla kernel: random: udevadm: uninitialized urandom read (16 bytes read)
Mar 24 16:57:16 roblabla kernel: random: systemd-udevd: uninitialized urandom read (16 bytes read)
Mar 24 16:57:16 roblabla kernel: random: systemd-udevd: uninitialized urandom read (16 bytes read)
Mar 24 16:57:16 roblabla kernel: random: systemd-udevd: uninitialized urandom read (16 bytes read)
Mar 24 16:57:16 roblabla kernel: random: systemd-udevd: uninitialized urandom read (16 bytes read)
Mar 24 16:57:16 roblabla kernel: random: systemd-udevd: uninitialized urandom read (16 bytes read)
Mar 24 16:57:16 roblabla kernel: random: systemd-udevd: uninitialized urandom read (16 bytes read)
Mar 24 16:57:16 roblabla kernel: random: systemd-udevd: uninitialized urandom read (16 bytes read)
Mar 24 16:57:16 roblabla kernel: i8042: PNP: PS/2 Controller [PNP0303:PS2K,PNP0f03:PS2M] at 0x60,0x64 irq 1,12
Mar 24 16:57:16 roblabla kernel: serio: i8042 KBD port at 0x60,0x64 irq 1
Mar 24 16:57:16 roblabla kernel: serio: i8042 AUX port at 0x60,0x64 irq 12
Mar 24 16:57:16 roblabla kernel: SCSI subsystem initialized
Mar 24 16:57:16 roblabla kernel: ACPI: bus type USB registered
Mar 24 16:57:16 roblabla kernel: usbcore: registered new interface driver usbfs
Mar 24 16:57:16 roblabla kernel: usbcore: registered new interface driver hub
Mar 24 16:57:16 roblabla kernel: usbcore: registered new device driver usb
Mar 24 16:57:16 roblabla kernel: ohci_hcd: USB 1.1 'Open' Host Controller (OHCI) Driver
Mar 24 16:57:16 roblabla kernel: ehci_hcd: USB 2.0 'Enhanced' Host Controller (EHCI) Driver
Mar 24 16:57:16 roblabla kernel: Warning! ehci_hcd should always be loaded before uhci_hcd and ohci_hcd, not after
Mar 24 16:57:16 roblabla kernel: ehci-pci: EHCI PCI platform driver
Mar 24 16:57:16 roblabla kernel: ohci-pci: OHCI PCI platform driver
Mar 24 16:57:16 roblabla kernel: ohci-pci 0000:00:06.0: OHCI PCI host controller
Mar 24 16:57:16 roblabla kernel: ohci-pci 0000:00:06.0: new USB bus registered, assigned bus number 1
Mar 24 16:57:16 roblabla kernel: ohci-pci 0000:00:06.0: irq 22, io mem 0xf0804000
Mar 24 16:57:16 roblabla kernel: libata version 3.00 loaded.
Mar 24 16:57:16 roblabla kernel: input: AT Translated Set 2 keyboard as /devices/platform/i8042/serio0/input/input0
Mar 24 16:57:16 roblabla kernel: hub 1-0:1.0: USB hub found
Mar 24 16:57:16 roblabla kernel: hub 1-0:1.0: 12 ports detected
Mar 24 16:57:16 roblabla kernel: ahci 0000:00:0d.0: version 3.0
Mar 24 16:57:16 roblabla kernel: ahci 0000:00:0d.0: SSS flag set, parallel bus scan disabled
Mar 24 16:57:16 roblabla kernel: ahci 0000:00:0d.0: AHCI 0001.0100 32 slots 2 ports 3 Gbps 0x3 impl SATA mode
Mar 24 16:57:16 roblabla kernel: ahci 0000:00:0d.0: flags: 64bit ncq stag only ccc 
Mar 24 16:57:16 roblabla kernel: scsi host0: ahci
Mar 24 16:57:16 roblabla kernel: scsi host1: ahci
Mar 24 16:57:16 roblabla kernel: ata1: SATA max UDMA/133 abar m8192@0xf0806000 port 0xf0806100 irq 21
Mar 24 16:57:16 roblabla kernel: ata2: SATA max UDMA/133 abar m8192@0xf0806000 port 0xf0806180 irq 21
Mar 24 16:57:16 roblabla kernel: ata_piix 0000:00:01.1: version 2.13
Mar 24 16:57:16 roblabla kernel: scsi host2: ata_piix
Mar 24 16:57:16 roblabla kernel: scsi host3: ata_piix
Mar 24 16:57:16 roblabla kernel: ata3: PATA max UDMA/33 cmd 0x1f0 ctl 0x3f6 bmdma 0xd000 irq 14
Mar 24 16:57:16 roblabla kernel: ata4: PATA max UDMA/33 cmd 0x170 ctl 0x376 bmdma 0xd008 irq 15
Mar 24 16:57:16 roblabla kernel: ata4.00: ATAPI: VBOX CD-ROM, 1.0, max UDMA/133
Mar 24 16:57:16 roblabla kernel: ata4.00: configured for UDMA/33
Mar 24 16:57:16 roblabla kernel: ata1: SATA link up 3.0 Gbps (SStatus 123 SControl 300)
Mar 24 16:57:16 roblabla kernel: ata1.00: ATA-6: VBOX HARDDISK, 1.0, max UDMA/133
Mar 24 16:57:16 roblabla kernel: ata1.00: 209704799 sectors, multi 128: LBA48 NCQ (depth 31/32)
Mar 24 16:57:16 roblabla kernel: ata1.00: configured for UDMA/133
Mar 24 16:57:16 roblabla kernel: scsi 0:0:0:0: Direct-Access     ATA      VBOX HARDDISK    1.0  PQ: 0 ANSI: 5
Mar 24 16:57:16 roblabla kernel: usb 1-1: new full-speed USB device number 2 using ohci-pci
Mar 24 16:57:16 roblabla kernel: ata2: SATA link up 3.0 Gbps (SStatus 123 SControl 300)
Mar 24 16:57:16 roblabla kernel: ata2.00: ATA-6: VBOX HARDDISK, 1.0, max UDMA/133
Mar 24 16:57:16 roblabla kernel: ata2.00: 209704799 sectors, multi 128: LBA48 NCQ (depth 31/32)
Mar 24 16:57:16 roblabla kernel: ata2.00: configured for UDMA/133
Mar 24 16:57:16 roblabla kernel: hidraw: raw HID events driver (C) Jiri Kosina
Mar 24 16:57:16 roblabla kernel: usbcore: registered new interface driver usbhid
Mar 24 16:57:16 roblabla kernel: usbhid: USB HID core driver
Mar 24 16:57:16 roblabla kernel: scsi 1:0:0:0: Direct-Access     ATA      VBOX HARDDISK    1.0  PQ: 0 ANSI: 5
Mar 24 16:57:16 roblabla kernel: input: VirtualBox USB Tablet as /devices/pci0000:00/0000:00:06.0/usb1/1-1/1-1:1.0/0003:80EE:0021.0001/input/input2
Mar 24 16:57:16 roblabla kernel: hid-generic 0003:80EE:0021.0001: input,hidraw0: USB HID v1.10 Mouse [VirtualBox USB Tablet] on usb-0000:00:06.0-1/input0
Mar 24 16:57:16 roblabla kernel: scsi 3:0:0:0: CD-ROM            VBOX     CD-ROM           1.0  PQ: 0 ANSI: 5
Mar 24 16:57:16 roblabla kernel: sd 0:0:0:0: [sda] 209704799 512-byte logical blocks: (107 GB/100.0 GiB)
Mar 24 16:57:16 roblabla kernel: sd 0:0:0:0: [sda] Write Protect is off
Mar 24 16:57:16 roblabla kernel: sd 0:0:0:0: [sda] Mode Sense: 00 3a 00 00
Mar 24 16:57:16 roblabla kernel: sd 0:0:0:0: [sda] Write cache: enabled, read cache: enabled, doesn't support DPO or FUA
Mar 24 16:57:16 roblabla kernel: sd 1:0:0:0: [sdb] 209704799 512-byte logical blocks: (107 GB/100.0 GiB)
Mar 24 16:57:16 roblabla kernel: sd 1:0:0:0: [sdb] Write Protect is off
Mar 24 16:57:16 roblabla kernel: sd 1:0:0:0: [sdb] Mode Sense: 00 3a 00 00
Mar 24 16:57:16 roblabla kernel: sd 1:0:0:0: [sdb] Write cache: enabled, read cache: enabled, doesn't support DPO or FUA
Mar 24 16:57:16 roblabla kernel:  sda: sda1
Mar 24 16:57:16 roblabla kernel: sd 0:0:0:0: [sda] Attached SCSI disk
Mar 24 16:57:16 roblabla kernel: sr 3:0:0:0: [sr0] scsi3-mmc drive: 32x/32x xa/form2 tray
Mar 24 16:57:16 roblabla kernel: cdrom: Uniform CD-ROM driver Revision: 3.20
Mar 24 16:57:16 roblabla kernel: sr 3:0:0:0: Attached scsi CD-ROM sr0
Mar 24 16:57:16 roblabla kernel:  sdb: sdb1 sdb2 sdb3
Mar 24 16:57:16 roblabla kernel: sd 1:0:0:0: [sdb] Attached SCSI disk
Mar 24 16:57:16 roblabla kernel: random: fast init done
Mar 24 16:57:16 roblabla kernel: tsc: Refined TSC clocksource calibration: 2892.874 MHz
Mar 24 16:57:16 roblabla kernel: clocksource: tsc: mask: 0xffffffffffffffff max_cycles: 0x29b2f762c61, max_idle_ns: 440795322147 ns
Mar 24 16:57:16 roblabla kernel: floppy0: no floppy controllers found
Mar 24 16:57:16 roblabla kernel: work still pending
Mar 24 16:57:16 roblabla kernel: random: crng init done
Mar 24 16:57:16 roblabla kernel: EXT4-fs (sda1): mounted filesystem with ordered data mode. Opts: (null)
Mar 24 16:57:16 roblabla kernel: ip_tables: (C) 2000-2006 Netfilter Core Team
Mar 24 16:57:16 roblabla systemd[1]: systemd 232 running in system mode. (+PAM -AUDIT -SELINUX -IMA -APPARMOR +SMACK -SYSVINIT +UTMP +LIBCRYPTSETUP +GCRYPT +GNUTLS +ACL +XZ +LZ4 +SECCOMP +BLKID +ELFUTILS +KMOD +IDN)
Mar 24 16:57:16 roblabla systemd[1]: Detected virtualization oracle.
Mar 24 16:57:16 roblabla systemd[1]: Detected architecture x86-64.
Mar 24 16:57:16 roblabla systemd[1]: Set hostname to <roblabla>.
Mar 24 16:57:16 roblabla systemd[1]: Started Dispatch Password Requests to Console Directory Watch.
Mar 24 16:57:16 roblabla systemd[1]: Set up automount Arbitrary Executable File Formats File System Automount Point.
Mar 24 16:57:16 roblabla systemd[1]: Listening on Journal Socket.
Mar 24 16:57:16 roblabla systemd[1]: Created slice User and Session Slice.
Mar 24 16:57:16 roblabla systemd[1]: Listening on Process Core Dump Socket.
Mar 24 16:57:16 roblabla systemd[1]: Listening on Device-mapper event daemon FIFOs.
Mar 24 16:57:16 roblabla kernel: EXT4-fs (sda1): re-mounted. Opts: data=ordered
Mar 24 16:57:16 roblabla systemd-journald[167]: Journal started
Mar 24 16:57:16 roblabla systemd-journald[167]: System journal (/var/log/journal/15b023ab28f44918934e381fe91ec920) is 96.0M, max 4.0G, 3.9G free.
Mar 24 16:57:16 roblabla systemd[1]: Starting Flush Journal to Persistent Storage...
Mar 24 16:57:16 roblabla systemd-journald[167]: System journal (/var/log/journal/15b023ab28f44918934e381fe91ec920) is 96.0M, max 4.0G, 3.9G free.
Mar 24 16:57:16 roblabla systemd[1]: Started Create System Users.
Mar 24 16:57:16 roblabla systemd[1]: Starting Create Static Device Nodes in /dev...
Mar 24 16:57:16 roblabla systemd[1]: Started Load/Save Random Seed.
Mar 24 16:57:17 roblabla systemd[1]: Started Flush Journal to Persistent Storage.
Mar 24 16:57:17 roblabla systemd[1]: Started Create Static Device Nodes in /dev.
Mar 24 16:57:17 roblabla systemd[1]: Reached target Local File Systems (Pre).
Mar 24 16:57:17 roblabla systemd[1]: Reached target Local File Systems.
Mar 24 16:57:17 roblabla systemd[1]: Starting Rebuild Dynamic Linker Cache...
Mar 24 16:57:17 roblabla systemd[1]: Starting Rebuild Journal Catalog...
Mar 24 16:57:17 roblabla systemd[1]: Starting Create Volatile Files and Directories...
Mar 24 16:57:17 roblabla systemd[1]: Starting udev Kernel Device Manager...
Mar 24 16:57:17 roblabla systemd-tmpfiles[189]: Cannot set file attribute for '/var/log/journal', value=0x00800000, mask=0x00800000: Operation not supported
Mar 24 16:57:17 roblabla systemd-tmpfiles[189]: Cannot set file attribute for '/var/log/journal/15b023ab28f44918934e381fe91ec920', value=0x00800000, mask=0x00800000: Operation not supported
Mar 24 16:57:17 roblabla systemd-tmpfiles[189]: Cannot set file attribute for '/var/log/journal/remote', value=0x00800000, mask=0x00800000: Operation not supported
Mar 24 16:57:17 roblabla systemd[1]: Started Create Volatile Files and Directories.
Mar 24 16:57:17 roblabla systemd[1]: Starting Update UTMP about System Boot/Shutdown...
Mar 24 16:57:17 roblabla systemd[1]: Started Update UTMP about System Boot/Shutdown.
Mar 24 16:57:17 roblabla systemd[1]: Started Rebuild Hardware Database.
Mar 24 16:57:17 roblabla systemd[1]: Starting udev Coldplug all Devices...
Mar 24 16:57:17 roblabla systemd[1]: Started Rebuild Dynamic Linker Cache.
Mar 24 16:57:17 roblabla systemd[1]: Started Rebuild Journal Catalog.
Mar 24 16:57:17 roblabla systemd[1]: Starting Update is Completed...
Mar 24 16:57:17 roblabla systemd[1]: Started udev Kernel Device Manager.
Mar 24 16:57:17 roblabla systemd[1]: Started Update is Completed.
Mar 24 16:57:17 roblabla systemd[1]: Started udev Coldplug all Devices.
Mar 24 16:57:17 roblabla systemd[1]: Reached target System Initialization.
Mar 24 16:57:17 roblabla systemd[1]: Started Daily man-db cache update.
Mar 24 16:57:17 roblabla systemd[1]: Started Daily verification of password and group files.
Mar 24 16:57:17 roblabla systemd[1]: Listening on D-Bus System Message Bus Socket.
Mar 24 16:57:17 roblabla systemd[1]: Reached target Sockets.
Mar 24 16:57:17 roblabla systemd[1]: Started Daily Cleanup of Temporary Directories.
Mar 24 16:57:17 roblabla systemd[1]: Reached target Basic System.
Mar 24 16:57:17 roblabla systemd[1]: Starting Login Service...
Mar 24 16:57:17 roblabla systemd[1]: Starting dhcpcd on all interfaces...
Mar 24 16:57:17 roblabla systemd[1]: Started D-Bus System Message Bus.
Mar 24 16:57:17 roblabla dhcpcd[216]: dev: loaded udev
Mar 24 16:57:17 roblabla dhcpcd[216]: no valid interfaces found
Mar 24 16:57:17 roblabla dhcpcd[216]: forked to background, child pid 218
Mar 24 16:57:17 roblabla kernel: input: Power Button as /devices/LNXSYSTM:00/LNXPWRBN:00/input/input3
Mar 24 16:57:17 roblabla kernel: ACPI: Power Button [PWRF]
Mar 24 16:57:17 roblabla kernel: ACPI: Video Device [GFX0] (multi-head: yes  rom: no  post: no)
Mar 24 16:57:17 roblabla kernel: input: Video Bus as /devices/LNXSYSTM:00/LNXSYBUS:00/PNP0A03:00/LNXVIDEO:00/input/input4
Mar 24 16:57:17 roblabla kernel: input: Sleep Button as /devices/LNXSYSTM:00/LNXSLPBN:00/input/input5
Mar 24 16:57:17 roblabla kernel: ACPI: Sleep Button [SLPF]
Mar 24 16:57:17 roblabla kernel: ACPI: AC Adapter [AC] (on-line)
Mar 24 16:57:17 roblabla kernel: mousedev: PS/2 mouse device common for all mice
Mar 24 16:57:17 roblabla kernel: piix4_smbus 0000:00:07.0: SMBus base address uninitialized - upgrade BIOS or use force_addr=0xaddr
Mar 24 16:57:17 roblabla kernel: input: PC Speaker as /devices/platform/pcspkr/input/input6
Mar 24 16:57:17 roblabla systemd[1]: Started Daily rotation of log files.
Mar 24 16:57:17 roblabla systemd[1]: Reached target Timers.
Mar 24 16:57:17 roblabla systemd[1]: Started dhcpcd on all interfaces.
Mar 24 16:57:17 roblabla systemd-logind[215]: New seat seat0.
Mar 24 16:57:17 roblabla systemd[1]: Started Login Service.
Mar 24 16:57:17 roblabla systemd[1]: Reached target Network.
Mar 24 16:57:17 roblabla systemd[1]: Started OpenSSH Daemon.
Mar 24 16:57:17 roblabla systemd[1]: Starting Permit User Sessions...
Mar 24 16:57:17 roblabla kernel: RAPL PMU: API unit is 2^-32 Joules, 3 fixed counters, 10737418240 ms ovfl timer
Mar 24 16:57:17 roblabla kernel: RAPL PMU: hw unit of domain pp0-core 2^-0 Joules
Mar 24 16:57:17 roblabla kernel: RAPL PMU: hw unit of domain package 2^-0 Joules
Mar 24 16:57:17 roblabla kernel: RAPL PMU: hw unit of domain pp1-gpu 2^-0 Joules
Mar 24 16:57:17 roblabla kernel: ppdev: user-space parallel port driver
Mar 24 16:57:18 roblabla systemd[1]: Started Permit User Sessions.
Mar 24 16:57:18 roblabla systemd[1]: Started Getty on tty1.
Mar 24 16:57:18 roblabla systemd[1]: Reached target Login Prompts.
Mar 24 16:57:18 roblabla systemd[1]: Reached target Multi-User System.
Mar 24 16:57:18 roblabla systemd[1]: Reached target Graphical Interface.
Mar 24 16:57:18 roblabla systemd[1]: Startup finished in 7.462s (kernel) + 2.330s (userspace) = 9.792s.
Mar 24 16:57:18 roblabla kernel: e1000: Intel(R) PRO/1000 Network Driver - version 7.3.21-k8-NAPI
Mar 24 16:57:18 roblabla kernel: e1000: Copyright (c) 1999-2006 Intel Corporation.
Mar 24 16:57:18 roblabla systemd-logind[215]: Watching system buttons on /dev/input/event2 (Power Button)
Mar 24 16:57:18 roblabla kernel: AVX version of gcm_enc/dec engaged.
Mar 24 16:57:18 roblabla kernel: AES CTR mode by8 optimization enabled
Mar 24 16:57:18 roblabla systemd-logind[215]: Watching system buttons on /dev/input/event3 (Video Bus)
Mar 24 16:57:18 roblabla systemd-logind[215]: Watching system buttons on /dev/input/event4 (Sleep Button)
Mar 24 16:57:18 roblabla kernel: input: ImExPS/2 Generic Explorer Mouse as /devices/platform/i8042/serio1/input/input7
Mar 24 16:57:18 roblabla systemd[1]: Listening on Load/Save RF Kill Switch Status /dev/rfkill Watch.
Mar 24 16:57:18 roblabla sshd[230]: Server listening on 0.0.0.0 port 22.
Mar 24 16:57:18 roblabla sshd[230]: Server listening on :: port 22.
Mar 24 16:57:18 roblabla kernel: snd_intel8x0 0000:00:05.0: white list rate for 1028:0177 is 48000
Mar 24 16:57:18 roblabla systemd[1]: Reached target Sound Card.
Mar 24 16:57:18 roblabla kernel: e1000 0000:00:03.0 eth0: (PCI:33MHz:32-bit) 08:00:27:29:b9:7a
Mar 24 16:57:18 roblabla kernel: e1000 0000:00:03.0 eth0: Intel(R) PRO/1000 Network Connection
Mar 24 16:57:18 roblabla kernel: e1000 0000:00:03.0 enp0s3: renamed from eth0
Mar 24 16:57:18 roblabla dhcpcd[218]: enp0s3: waiting for carrier
Mar 24 16:57:18 roblabla dhcpcd[218]: enp0s3: waiting for carrier
Mar 24 16:57:18 roblabla kernel: IPv6: ADDRCONF(NETDEV_UP): enp0s3: link is not ready
Mar 24 16:57:18 roblabla dhcpcd[218]: enp0s3: carrier acquired
Mar 24 16:57:18 roblabla kernel: e1000: enp0s3 NIC Link is Up 1000 Mbps Full Duplex, Flow Control: RX
Mar 24 16:57:18 roblabla kernel: IPv6: ADDRCONF(NETDEV_CHANGE): enp0s3: link becomes ready
Mar 24 16:57:18 roblabla dhcpcd[218]: DUID 00:01:00:01:20:1c:c6:e4:08:00:27:29:b9:7a
Mar 24 16:57:18 roblabla dhcpcd[218]: enp0s3: IAID 27:29:b9:7a
Mar 24 16:57:18 roblabla dhcpcd[218]: enp0s3: adding address fe80::90fc:b54:f999:3808
Mar 24 16:57:19 roblabla dhcpcd[218]: enp0s3: rebinding lease of 10.0.2.15
Mar 24 16:57:19 roblabla dhcpcd[218]: enp0s3: probing address 10.0.2.15/24
Mar 24 16:57:19 roblabla dhcpcd[218]: enp0s3: soliciting an IPv6 router
Mar 24 16:57:21 roblabla kernel: floppy0: no floppy controllers found
Mar 24 16:57:21 roblabla kernel: work still pending
Mar 24 16:57:21 roblabla login[238]: pam_unix(login:session): session opened for user root by LOGIN(uid=0)
Mar 24 16:57:21 roblabla systemd[1]: Created slice User Slice of root.
Mar 24 16:57:21 roblabla systemd[1]: Starting User Manager for UID 0...
Mar 24 16:57:21 roblabla systemd[1]: Started Session c1 of user root.
Mar 24 16:57:21 roblabla systemd-logind[215]: New session c1 of user root.
Mar 24 16:57:21 roblabla systemd[275]: pam_unix(systemd-user:session): session opened for user root by (uid=0)
Mar 24 16:57:21 roblabla systemd[275]: Starting D-Bus User Message Bus Socket.
Mar 24 16:57:21 roblabla systemd[275]: Reached target Paths.
Mar 24 16:57:21 roblabla systemd[275]: Reached target Timers.
Mar 24 16:57:21 roblabla systemd[275]: Listening on D-Bus User Message Bus Socket.
Mar 24 16:57:21 roblabla systemd[275]: Reached target Sockets.
Mar 24 16:57:21 roblabla systemd[275]: Reached target Basic System.
Mar 24 16:57:21 roblabla systemd[275]: Reached target Default.
Mar 24 16:57:21 roblabla systemd[275]: Startup finished in 36ms.
Mar 24 16:57:21 roblabla systemd[1]: Started User Manager for UID 0.
Mar 24 16:57:21 roblabla login[238]: ROOT LOGIN ON tty1
Mar 24 16:57:23 roblabla dhcpcd[218]: enp0s3: leased 10.0.2.15 for 86400 seconds
Mar 24 16:57:23 roblabla dhcpcd[218]: enp0s3: adding route to 10.0.2.0/24
Mar 24 16:57:23 roblabla dhcpcd[218]: enp0s3: adding default route via 10.0.2.2
Mar 24 16:57:32 roblabla dhcpcd[218]: enp0s3: no IPv6 Routers available
Mar 24 17:12:56 roblabla systemd[1]: Starting Cleanup of Temporary Directories...
Mar 24 17:12:56 roblabla systemd[1]: Started Cleanup of Temporary Directories.
Mar 24 17:24:05 roblabla sshd[355]: Accepted none for root from 10.0.2.2 port 54033 ssh2
Mar 24 17:24:06 roblabla sshd[355]: pam_unix(sshd:session): session opened for user root by (uid=0)
Mar 24 17:24:06 roblabla systemd[1]: Started Session c2 of user root.
Mar 24 17:24:06 roblabla systemd-logind[215]: New session c2 of user root.
Mar 24 17:24:06 roblabla sshd[355]: Received disconnect from 10.0.2.2 port 54033:11: disconnected by user
Mar 24 17:24:06 roblabla sshd[355]: Disconnected from 10.0.2.2 port 54033
Mar 24 17:24:06 roblabla sshd[355]: pam_unix(sshd:session): session closed for user root
Mar 24 17:24:06 roblabla systemd-logind[215]: Removed session c2.
Mar 24 17:31:20 roblabla sshd[365]: Accepted none for root from 10.0.2.2 port 54178 ssh2
Mar 24 17:31:20 roblabla sshd[365]: pam_unix(sshd:session): session opened for user root by (uid=0)
Mar 24 17:31:20 roblabla systemd-logind[215]: New session c3 of user root.
Mar 24 17:31:20 roblabla systemd[1]: Started Session c3 of user root.
Mar 24 17:31:21 roblabla sshd[365]: Received disconnect from 10.0.2.2 port 54178:11: disconnected by user
Mar 24 17:31:21 roblabla sshd[365]: Disconnected from 10.0.2.2 port 54178
Mar 24 17:31:21 roblabla sshd[365]: pam_unix(sshd:session): session closed for user root
Mar 24 17:31:21 roblabla systemd-logind[215]: Removed session c3.
Mar 24 17:31:37 roblabla sshd[372]: Accepted none for root from 10.0.2.2 port 54183 ssh2
Mar 24 17:31:37 roblabla sshd[372]: pam_unix(sshd:session): session opened for user root by (uid=0)
Mar 24 17:31:37 roblabla systemd[1]: Started Session c4 of user root.
Mar 24 17:31:37 roblabla systemd-logind[215]: New session c4 of user root.
Mar 24 17:31:37 roblabla sshd[372]: Received disconnect from 10.0.2.2 port 54183:11: disconnected by user
Mar 24 17:31:37 roblabla sshd[372]: Disconnected from 10.0.2.2 port 54183
Mar 24 17:31:37 roblabla sshd[372]: pam_unix(sshd:session): session closed for user root
Mar 24 17:31:37 roblabla systemd-logind[215]: Removed session c4.
Mar 24 17:31:42 roblabla sshd[376]: Accepted none for root from 10.0.2.2 port 54186 ssh2
Mar 24 17:31:42 roblabla sshd[376]: pam_unix(sshd:session): session opened for user root by (uid=0)
Mar 24 17:31:42 roblabla systemd[1]: Started Session c5 of user root.
Mar 24 17:31:42 roblabla systemd-logind[215]: New session c5 of user root.
Mar 24 17:31:42 roblabla sshd[376]: Received disconnect from 10.0.2.2 port 54186:11: disconnected by user
Mar 24 17:31:42 roblabla sshd[376]: Disconnected from 10.0.2.2 port 54186
Mar 24 17:31:42 roblabla sshd[376]: pam_unix(sshd:session): session closed for user root
Mar 24 17:31:42 roblabla systemd-logind[215]: Removed session c5.
Mar 24 17:31:53 roblabla sshd[380]: Accepted none for root from 10.0.2.2 port 54193 ssh2
Mar 24 17:31:53 roblabla sshd[380]: pam_unix(sshd:session): session opened for user root by (uid=0)
Mar 24 17:31:53 roblabla systemd[1]: Started Session c6 of user root.
Mar 24 17:31:53 roblabla systemd-logind[215]: New session c6 of user root.
