[    0.000000] Linux version 4.10.5-1-ARCH (builduser@tobias) (gcc version 6.3.1 20170306 (GCC) ) #1 SMP PREEMPT Wed Mar 22 14:42:03 CET 2017
[    0.000000] Command line: BOOT_IMAGE=/boot/vmlinuz-linux root=UUID=cdfd395b-c9e2-40cd-86a6-f4219032442c rw quiet
[    0.000000] x86/fpu: Supporting XSAVE feature 0x001: 'x87 floating point registers'
[    0.000000] x86/fpu: Supporting XSAVE feature 0x002: 'SSE registers'
[    0.000000] x86/fpu: Supporting XSAVE feature 0x004: 'AVX registers'
[    0.000000] x86/fpu: xstate_offset[2]:  576, xstate_sizes[2]:  256
[    0.000000] x86/fpu: Enabled xstate features 0x7, context size is 832 bytes, using 'standard' format.
[    0.000000] e820: BIOS-provided physical RAM map:
[    0.000000] BIOS-e820: [mem 0x0000000000000000-0x000000000009fbff] usable
[    0.000000] BIOS-e820: [mem 0x000000000009fc00-0x000000000009ffff] reserved
[    0.000000] BIOS-e820: [mem 0x00000000000f0000-0x00000000000fffff] reserved
[    0.000000] BIOS-e820: [mem 0x0000000000100000-0x000000003ffeffff] usable
[    0.000000] BIOS-e820: [mem 0x000000003fff0000-0x000000003fffffff] ACPI data
[    0.000000] BIOS-e820: [mem 0x00000000fec00000-0x00000000fec00fff] reserved
[    0.000000] BIOS-e820: [mem 0x00000000fee00000-0x00000000fee00fff] reserved
[    0.000000] BIOS-e820: [mem 0x00000000fffc0000-0x00000000ffffffff] reserved
[    0.000000] NX (Execute Disable) protection: active
[    0.000000] SMBIOS 2.5 present.
[    0.000000] DMI: innotek GmbH VirtualBox/VirtualBox, BIOS VirtualBox 12/01/2006
[    0.000000] Hypervisor detected: KVM
[    0.000000] e820: update [mem 0x00000000-0x00000fff] usable ==> reserved
[    0.000000] e820: remove [mem 0x000a0000-0x000fffff] usable
[    0.000000] e820: last_pfn = 0x3fff0 max_arch_pfn = 0x400000000
[    0.000000] MTRR default type: uncachable
[    0.000000] MTRR variable ranges disabled:
[    0.000000] MTRR: Disabled
[    0.000000] x86/PAT: MTRRs disabled, skipping PAT initialization too.
[    0.000000] x86/PAT: Configuration [0-7]: WB  WT  UC- UC  WB  WT  UC- UC  
[    0.000000] CPU MTRRs all blank - virtualized system.
[    0.000000] found SMP MP-table at [mem 0x0009fff0-0x0009ffff] mapped at [ffff88000009fff0]
[    0.000000] Scanning 1 areas for low memory corruption
[    0.000000] Base memory trampoline at [ffff880000099000] 99000 size 24576
[    0.000000] BRK [0x01d5f000, 0x01d5ffff] PGTABLE
[    0.000000] BRK [0x01d60000, 0x01d60fff] PGTABLE
[    0.000000] BRK [0x01d61000, 0x01d61fff] PGTABLE
[    0.000000] BRK [0x01d62000, 0x01d62fff] PGTABLE
[    0.000000] RAMDISK: [mem 0x374d1000-0x37a5ffff]
[    0.000000] ACPI: Early table checksum verification disabled
[    0.000000] ACPI: RSDP 0x00000000000E0000 000024 (v02 VBOX  )
[    0.000000] ACPI: XSDT 0x000000003FFF0030 00003C (v01 VBOX   VBOXXSDT 00000001 ASL  00000061)
[    0.000000] ACPI: FACP 0x000000003FFF00F0 0000F4 (v04 VBOX   VBOXFACP 00000001 ASL  00000061)
[    0.000000] ACPI: DSDT 0x000000003FFF0470 00210F (v01 VBOX   VBOXBIOS 00000002 INTL 20100528)
[    0.000000] ACPI: FACS 0x000000003FFF0200 000040
[    0.000000] ACPI: FACS 0x000000003FFF0200 000040
[    0.000000] ACPI: APIC 0x000000003FFF0240 000054 (v02 VBOX   VBOXAPIC 00000001 ASL  00000061)
[    0.000000] ACPI: SSDT 0x000000003FFF02A0 0001CC (v01 VBOX   VBOXCPUT 00000002 INTL 20100528)
[    0.000000] ACPI: Local APIC address 0xfee00000
[    0.000000] No NUMA configuration found
[    0.000000] Faking a node at [mem 0x0000000000000000-0x000000003ffeffff]
[    0.000000] NODE_DATA(0) allocated [mem 0x3ffeb000-0x3ffeffff]
[    0.000000] kvm-clock: Using msrs 4b564d01 and 4b564d00
[    0.000000] kvm-clock: cpu 0, msr 0:3ffe9001, primary cpu clock
[    0.000000] kvm-clock: using sched offset of 3012100267169 cycles
[    0.000000] clocksource: kvm-clock: mask: 0xffffffffffffffff max_cycles: 0x1cd42e4dffb, max_idle_ns: 881590591483 ns
[    0.000000] Zone ranges:
[    0.000000]   DMA      [mem 0x0000000000001000-0x0000000000ffffff]
[    0.000000]   DMA32    [mem 0x0000000001000000-0x000000003ffeffff]
[    0.000000]   Normal   empty
[    0.000000]   Device   empty
[    0.000000] Movable zone start for each node
[    0.000000] Early memory node ranges
[    0.000000]   node   0: [mem 0x0000000000001000-0x000000000009efff]
[    0.000000]   node   0: [mem 0x0000000000100000-0x000000003ffeffff]
[    0.000000] Initmem setup node 0 [mem 0x0000000000001000-0x000000003ffeffff]
[    0.000000] On node 0 totalpages: 262030
[    0.000000]   DMA zone: 64 pages used for memmap
[    0.000000]   DMA zone: 21 pages reserved
[    0.000000]   DMA zone: 3998 pages, LIFO batch:0
[    0.000000]   DMA32 zone: 4032 pages used for memmap
[    0.000000]   DMA32 zone: 258032 pages, LIFO batch:31
[    0.000000] ACPI: PM-Timer IO Port: 0x4008
[    0.000000] ACPI: Local APIC address 0xfee00000
[    0.000000] IOAPIC[0]: apic_id 1, version 32, address 0xfec00000, GSI 0-23
[    0.000000] ACPI: INT_SRC_OVR (bus 0 bus_irq 0 global_irq 2 dfl dfl)
[    0.000000] ACPI: INT_SRC_OVR (bus 0 bus_irq 9 global_irq 9 high level)
[    0.000000] ACPI: IRQ0 used by override.
[    0.000000] ACPI: IRQ9 used by override.
[    0.000000] Using ACPI (MADT) for SMP configuration information
[    0.000000] smpboot: Allowing 1 CPUs, 0 hotplug CPUs
[    0.000000] PM: Registered nosave memory: [mem 0x00000000-0x00000fff]
[    0.000000] PM: Registered nosave memory: [mem 0x0009f000-0x0009ffff]
[    0.000000] PM: Registered nosave memory: [mem 0x000a0000-0x000effff]
[    0.000000] PM: Registered nosave memory: [mem 0x000f0000-0x000fffff]
[    0.000000] e820: [mem 0x40000000-0xfebfffff] available for PCI devices
[    0.000000] Booting paravirtualized kernel on KVM
[    0.000000] clocksource: refined-jiffies: mask: 0xffffffff max_cycles: 0xffffffff, max_idle_ns: 6370452778343963 ns
[    0.000000] setup_percpu: NR_CPUS:128 nr_cpumask_bits:128 nr_cpu_ids:1 nr_node_ids:1
[    0.000000] percpu: Embedded 35 pages/cpu @ffff88003fc00000 s103640 r8192 d31528 u2097152
[    0.000000] pcpu-alloc: s103640 r8192 d31528 u2097152 alloc=1*2097152
[    0.000000] pcpu-alloc: [0] 0 
[    0.000000] PV qspinlock hash table entries: 256 (order: 0, 4096 bytes)
[    0.000000] Built 1 zonelists in Node order, mobility grouping on.  Total pages: 257913
[    0.000000] Policy zone: DMA32
[    0.000000] Kernel command line: BOOT_IMAGE=/boot/vmlinuz-linux root=UUID=cdfd395b-c9e2-40cd-86a6-f4219032442c rw quiet
[    0.000000] PID hash table entries: 4096 (order: 3, 32768 bytes)
[    0.000000] Calgary: detecting Calgary via BIOS EBDA area
[    0.000000] Calgary: Unable to locate Rio Grande table in EBDA - bailing!
[    0.000000] Memory: 1012012K/1048120K available (6350K kernel code, 1091K rwdata, 1980K rodata, 1292K init, 1032K bss, 36108K reserved, 0K cma-reserved)
[    0.000000] SLUB: HWalign=64, Order=0-3, MinObjects=0, CPUs=1, Nodes=1
[    0.000000] Preemptible hierarchical RCU implementation.
[    0.000000] 	Build-time adjustment of leaf fanout to 64.
[    0.000000] 	RCU restricting CPUs from NR_CPUS=128 to nr_cpu_ids=1.
[    0.000000] RCU: Adjusting geometry for rcu_fanout_leaf=64, nr_cpu_ids=1
[    0.000000] NR_IRQS:8448 nr_irqs:256 16
[    0.000000] Console: colour dummy device 80x25
[    0.000000] console [tty0] enabled
[    0.000000] tsc: Detected 2893.406 MHz processor
[    0.012559] Calibrating delay loop (skipped) preset value.. 5789.92 BogoMIPS (lpj=9644686)
[    0.012561] pid_max: default: 32768 minimum: 301
[    0.012569] ACPI: Core revision 20160930
[    0.013295] ACPI: 2 ACPI AML tables successfully acquired and loaded
[    0.013312] Security Framework initialized
[    0.013313] Yama: becoming mindful.
[    0.013354] Dentry cache hash table entries: 131072 (order: 8, 1048576 bytes)
[    0.013525] Inode-cache hash table entries: 65536 (order: 7, 524288 bytes)
[    0.013831] Mount-cache hash table entries: 2048 (order: 2, 16384 bytes)
[    0.013832] Mountpoint-cache hash table entries: 2048 (order: 2, 16384 bytes)
[    0.014016] CPU: Physical Processor ID: 0
[    0.014030] mce: CPU supports 0 MCE banks
[    0.014050] process: using mwait in idle threads
[    0.014053] Last level iTLB entries: 4KB 512, 2MB 8, 4MB 8
[    0.014054] Last level dTLB entries: 4KB 512, 2MB 32, 4MB 32, 1GB 0
[    0.022175] Freeing SMP alternatives memory: 24K
[    0.022577] ftrace: allocating 25114 entries in 99 pages
[    0.030552] smpboot: Max logical packages: 1
[    0.030882] x2apic enabled
[    0.031086] Switched APIC routing to physical x2apic.
[    0.032084] ..TIMER: vector=0x30 apic1=0 pin1=2 apic2=-1 pin2=-1
[    0.136399] smpboot: CPU0: Intel(R) Core(TM) i5-3470S CPU @ 2.90GHz (family: 0x6, model: 0x3a, stepping: 0x9)
[    0.147610] Performance Events: unsupported p6 CPU model 58 no PMU driver, software events only.
[    0.147662] KVM setup paravirtual spinlock
[    0.178090] smp: Bringing up secondary CPUs ...
[    0.178093] smp: Brought up 1 node, 1 CPU
[    0.178095] smpboot: Total of 1 processors activated (5789.92 BogoMIPS)
[    0.178395] devtmpfs: initialized
[    0.178444] x86/mm: Memory block size: 128MB
[    0.181130] clocksource: jiffies: mask: 0xffffffff max_cycles: 0xffffffff, max_idle_ns: 6370867519511994 ns
[    0.181135] futex hash table entries: 256 (order: 2, 16384 bytes)
[    0.181158] pinctrl core: initialized pinctrl subsystem
[    0.181201] RTC time: 15:48:59, date: 03/28/17
[    0.181286] NET: Registered protocol family 16
[    0.190666] cpuidle: using governor ladder
[    0.200862] cpuidle: using governor menu
[    0.200865] PCCT header not found.
[    0.200887] ACPI: bus type PCI registered
[    0.200888] acpiphp: ACPI Hot Plug PCI Controller Driver version: 0.5
[    0.200989] PCI: Using configuration type 1 for base access
[    0.214693] HugeTLB registered 2 MB page size, pre-allocated 0 pages
[    0.227792] ACPI: Added _OSI(Module Device)
[    0.227793] ACPI: Added _OSI(Processor Device)
[    0.227794] ACPI: Added _OSI(3.0 _SCP Extensions)
[    0.227795] ACPI: Added _OSI(Processor Aggregator Device)
[    0.228080] ACPI: Executed 1 blocks of module-level executable AML code
[    0.230176] ACPI: Interpreter enabled
[    0.230185] ACPI: (supports S0 S5)
[    0.230186] ACPI: Using IOAPIC for interrupt routing
[    0.230316] PCI: Using host bridge windows from ACPI; if necessary, use "pci=nocrs" and report a bug
[    0.233812] ACPI: PCI Root Bridge [PCI0] (domain 0000 [bus 00-ff])
[    0.233816] acpi PNP0A03:00: _OSC: OS supports [ASPM ClockPM Segments MSI]
[    0.233820] acpi PNP0A03:00: _OSC failed (AE_NOT_FOUND); disabling ASPM
[    0.233825] acpi PNP0A03:00: fail to add MMCONFIG information, can't access extended PCI configuration space under this bridge.
[    0.234112] PCI host bridge to bus 0000:00
[    0.234114] pci_bus 0000:00: root bus resource [io  0x0000-0x0cf7 window]
[    0.234115] pci_bus 0000:00: root bus resource [io  0x0d00-0xffff window]
[    0.234115] pci_bus 0000:00: root bus resource [mem 0x000a0000-0x000bffff window]
[    0.234116] pci_bus 0000:00: root bus resource [mem 0x40000000-0xffdfffff window]
[    0.234117] pci_bus 0000:00: root bus resource [bus 00-ff]
[    0.234155] pci 0000:00:00.0: [8086:1237] type 00 class 0x060000
[    0.234626] pci 0000:00:01.0: [8086:7000] type 00 class 0x060100
[    0.235213] pci 0000:00:01.1: [8086:7111] type 00 class 0x01018a
[    0.235574] pci 0000:00:01.1: reg 0x20: [io  0xd000-0xd00f]
[    0.235732] pci 0000:00:01.1: legacy IDE quirk: reg 0x10: [io  0x01f0-0x01f7]
[    0.235733] pci 0000:00:01.1: legacy IDE quirk: reg 0x14: [io  0x03f6]
[    0.235734] pci 0000:00:01.1: legacy IDE quirk: reg 0x18: [io  0x0170-0x0177]
[    0.235735] pci 0000:00:01.1: legacy IDE quirk: reg 0x1c: [io  0x0376]
[    0.235927] pci 0000:00:02.0: [80ee:beef] type 00 class 0x030000
[    0.236652] pci 0000:00:02.0: reg 0x10: [mem 0xe0000000-0xe0ffffff pref]
[    0.239826] pci 0000:00:03.0: [8086:100e] type 00 class 0x020000
[    0.240242] pci 0000:00:03.0: reg 0x10: [mem 0xf0000000-0xf001ffff]
[    0.240949] pci 0000:00:03.0: reg 0x18: [io  0xd010-0xd017]
[    0.242639] pci 0000:00:04.0: [80ee:cafe] type 00 class 0x088000
[    0.243007] pci 0000:00:04.0: reg 0x10: [io  0xd020-0xd03f]
[    0.243338] pci 0000:00:04.0: reg 0x14: [mem 0xf0400000-0xf07fffff]
[    0.243666] pci 0000:00:04.0: reg 0x18: [mem 0xf0800000-0xf0803fff pref]
[    0.245256] pci 0000:00:05.0: [8086:2415] type 00 class 0x040100
[    0.245347] pci 0000:00:05.0: reg 0x10: [io  0xd100-0xd1ff]
[    0.245410] pci 0000:00:05.0: reg 0x14: [io  0xd200-0xd23f]
[    0.245916] pci 0000:00:06.0: [106b:003f] type 00 class 0x0c0310
[    0.246317] pci 0000:00:06.0: reg 0x10: [mem 0xf0804000-0xf0804fff]
[    0.248619] pci 0000:00:07.0: [8086:7113] type 00 class 0x068000
[    0.249336] pci 0000:00:0d.0: [8086:2829] type 00 class 0x010601
[    0.249765] pci 0000:00:0d.0: reg 0x10: [io  0xd240-0xd247]
[    0.250452] pci 0000:00:0d.0: reg 0x18: [io  0xd250-0xd257]
[    0.251148] pci 0000:00:0d.0: reg 0x20: [io  0xd260-0xd26f]
[    0.251496] pci 0000:00:0d.0: reg 0x24: [mem 0xf0806000-0xf0807fff]
[    0.253130] ACPI: PCI Interrupt Link [LNKA] (IRQs 5 9 10 *11)
[    0.253305] ACPI: PCI Interrupt Link [LNKB] (IRQs 5 9 10 *11)
[    0.253380] ACPI: PCI Interrupt Link [LNKC] (IRQs 5 9 *10 11)
[    0.253455] ACPI: PCI Interrupt Link [LNKD] (IRQs 5 *9 10 11)
[    0.253573] ACPI: Enabled 2 GPEs in block 00 to 07
[    0.253734] pci 0000:00:02.0: vgaarb: setting as boot VGA device
[    0.253735] pci 0000:00:02.0: vgaarb: VGA device added: decodes=io+mem,owns=io+mem,locks=none
[    0.253737] pci 0000:00:02.0: vgaarb: bridge control possible
[    0.253737] vgaarb: loaded
[    0.254512] PCI: Using ACPI for IRQ routing
[    0.254515] PCI: pci_cache_line_size set to 64 bytes
[    0.254709] e820: reserve RAM buffer [mem 0x0009fc00-0x0009ffff]
[    0.254712] e820: reserve RAM buffer [mem 0x3fff0000-0x3fffffff]
[    0.254803] NetLabel: Initializing
[    0.254804] NetLabel:  domain hash size = 128
[    0.254804] NetLabel:  protocols = UNLABELED CIPSOv4 CALIPSO
[    0.254818] NetLabel:  unlabeled traffic allowed by default
[    0.258284] clocksource: Switched to clocksource kvm-clock
[    0.262859] VFS: Disk quotas dquot_6.6.0
[    0.262872] VFS: Dquot-cache hash table entries: 512 (order 0, 4096 bytes)
[    0.262935] pnp: PnP ACPI init
[    0.262992] pnp 00:00: Plug and Play ACPI device, IDs PNP0303 (active)
[    0.263051] pnp 00:01: Plug and Play ACPI device, IDs PNP0f03 (active)
[    0.263808] pnp: PnP ACPI: found 2 devices
[    0.269368] clocksource: acpi_pm: mask: 0xffffff max_cycles: 0xffffff, max_idle_ns: 2085701024 ns
[    0.269377] pci_bus 0000:00: resource 4 [io  0x0000-0x0cf7 window]
[    0.269378] pci_bus 0000:00: resource 5 [io  0x0d00-0xffff window]
[    0.269379] pci_bus 0000:00: resource 6 [mem 0x000a0000-0x000bffff window]
[    0.269380] pci_bus 0000:00: resource 7 [mem 0x40000000-0xffdfffff window]
[    0.269408] NET: Registered protocol family 2
[    0.269557] TCP established hash table entries: 8192 (order: 4, 65536 bytes)
[    0.269573] TCP bind hash table entries: 8192 (order: 5, 131072 bytes)
[    0.269589] TCP: Hash tables configured (established 8192 bind 8192)
[    0.269617] UDP hash table entries: 512 (order: 2, 16384 bytes)
[    0.269620] UDP-Lite hash table entries: 512 (order: 2, 16384 bytes)
[    0.269652] NET: Registered protocol family 1
[    0.269658] pci 0000:00:00.0: Limiting direct PCI/PCI transfers
[    0.269686] pci 0000:00:01.0: Activating ISA DMA hang workarounds
[    0.269731] pci 0000:00:02.0: Video device with shadowed ROM at [mem 0x000c0000-0x000dffff]
[    0.270802] PCI: CLS 0 bytes, default 64
[    0.270844] Unpacking initramfs...
[    0.338590] Freeing initrd memory: 5692K
[    0.338743] platform rtc_cmos: registered platform RTC device (no PNP device found)
[    0.338757] Scanning for low memory corruption every 60 seconds
[    0.339146] Initialise system trusted keyrings
[    0.342697] workingset: timestamp_bits=40 max_order=18 bucket_order=0
[    0.343850] zbud: loaded
[    0.347772] Key type asymmetric registered
[    0.347805] Block layer SCSI generic (bsg) driver version 0.4 loaded (major 249)
[    0.351356] io scheduler noop registered
[    0.351358] io scheduler deadline registered
[    0.351372] io scheduler cfq registered (default)
[    0.351486] vesafb: mode is 640x480x32, linelength=2560, pages=0
[    0.351487] vesafb: scrolling: redraw
[    0.351488] vesafb: Truecolor: size=8:8:8:8, shift=24:16:8:0
[    0.351494] vesafb: framebuffer at 0xe0000000, mapped to 0xffffc90000400000, using 1216k, total 1216k
[    0.352760] Console: switching to colour frame buffer device 80x30
[    0.353245] fb0: VESA VGA frame buffer device
[    0.353305] GHES: HEST is not enabled!
[    0.353353] Serial: 8250/16550 driver, 4 ports, IRQ sharing enabled
[    0.353582] Linux agpgart interface v0.103
[    0.353874] rtc_cmos rtc_cmos: rtc core: registered rtc_cmos as rtc0
[    0.353933] rtc_cmos rtc_cmos: alarms up to one day, 114 bytes nvram
[    0.353945] ledtrig-cpu: registered to indicate activity on CPUs
[    0.354090] NET: Registered protocol family 10
[    0.360000] Segment Routing with IPv6
[    0.360015] NET: Registered protocol family 17
[    0.360173] registered taskstats version 1
[    0.360182] Loading compiled-in X.509 certificates
[    0.360191] zswap: loaded using pool lzo/zbud
[    0.360508]   Magic number: 9:464:842
[    0.360561] rtc_cmos rtc_cmos: setting system clock to 2017-03-28 15:48:59 UTC (1490716139)
[    0.360582] PM: Hibernation image not present or could not be loaded.
[    0.361345] Freeing unused kernel memory: 1292K
[    0.361346] Write protecting the kernel read-only data: 10240k
[    0.361700] Freeing unused kernel memory: 1828K
[    0.361889] Freeing unused kernel memory: 68K
[    0.367716] random: systemd-tmpfile: uninitialized urandom read (16 bytes read)
[    0.370302] random: udevadm: uninitialized urandom read (16 bytes read)
[    0.370320] random: udevadm: uninitialized urandom read (16 bytes read)
[    0.371921] random: systemd-udevd: uninitialized urandom read (16 bytes read)
[    0.371977] random: systemd-udevd: uninitialized urandom read (16 bytes read)
[    0.373224] random: systemd-udevd: uninitialized urandom read (16 bytes read)
[    0.373237] random: systemd-udevd: uninitialized urandom read (16 bytes read)
[    0.373242] random: systemd-udevd: uninitialized urandom read (16 bytes read)
[    0.373714] random: systemd-udevd: uninitialized urandom read (16 bytes read)
[    0.373726] random: systemd-udevd: uninitialized urandom read (16 bytes read)
[    0.410640] ACPI: bus type USB registered
[    0.410662] usbcore: registered new interface driver usbfs
[    0.410669] usbcore: registered new interface driver hub
[    0.412871] SCSI subsystem initialized
[    0.415729] usbcore: registered new device driver usb
[    0.415990] ohci_hcd: USB 1.1 'Open' Host Controller (OHCI) Driver
[    0.416347] ehci_hcd: USB 2.0 'Enhanced' Host Controller (EHCI) Driver
[    0.416347] Warning! ehci_hcd should always be loaded before uhci_hcd and ohci_hcd, not after
[    0.416499] ehci-pci: EHCI PCI platform driver
[    0.416660] ohci-pci: OHCI PCI platform driver
[    0.417193] ohci-pci 0000:00:06.0: OHCI PCI host controller
[    0.417198] ohci-pci 0000:00:06.0: new USB bus registered, assigned bus number 1
[    0.417264] ohci-pci 0000:00:06.0: irq 22, io mem 0xf0804000
[    0.419694] i8042: PNP: PS/2 Controller [PNP0303:PS2K,PNP0f03:PS2M] at 0x60,0x64 irq 1,12
[    0.420133] serio: i8042 KBD port at 0x60,0x64 irq 1
[    0.420162] serio: i8042 AUX port at 0x60,0x64 irq 12
[    0.420270] libata version 3.00 loaded.
[    0.440163] input: AT Translated Set 2 keyboard as /devices/platform/i8042/serio0/input/input0
[    0.472434] hub 1-0:1.0: USB hub found
[    0.472466] hub 1-0:1.0: 12 ports detected
[    0.472978] ahci 0000:00:0d.0: version 3.0
[    0.473540] ahci 0000:00:0d.0: SSS flag set, parallel bus scan disabled
[    0.473706] ahci 0000:00:0d.0: AHCI 0001.0100 32 slots 2 ports 3 Gbps 0x3 impl SATA mode
[    0.473708] ahci 0000:00:0d.0: flags: 64bit ncq stag only ccc 
[    0.478767] scsi host0: ahci
[    0.482387] scsi host1: ahci
[    0.482442] ata1: SATA max UDMA/133 abar m8192@0xf0806000 port 0xf0806100 irq 21
[    0.482446] ata2: SATA max UDMA/133 abar m8192@0xf0806000 port 0xf0806180 irq 21
[    0.482472] ata_piix 0000:00:01.1: version 2.13
[    0.487166] scsi host2: ata_piix
[    0.491046] scsi host3: ata_piix
[    0.491109] ata3: PATA max UDMA/33 cmd 0x1f0 ctl 0x3f6 bmdma 0xd000 irq 14
[    0.491110] ata4: PATA max UDMA/33 cmd 0x170 ctl 0x376 bmdma 0xd008 irq 15
[    0.655357] ata4.00: ATAPI: VBOX CD-ROM, 1.0, max UDMA/133
[    0.655692] ata4.00: configured for UDMA/33
[    0.796870] ata1: SATA link up 3.0 Gbps (SStatus 123 SControl 300)
[    0.796976] ata1.00: ATA-6: VBOX HARDDISK, 1.0, max UDMA/133
[    0.796977] ata1.00: 209704799 sectors, multi 128: LBA48 NCQ (depth 31/32)
[    0.797101] ata1.00: configured for UDMA/133
[    0.800833] scsi 0:0:0:0: Direct-Access     ATA      VBOX HARDDISK    1.0  PQ: 0 ANSI: 5
[    0.858513] usb 1-1: new full-speed USB device number 2 using ohci-pci
[    1.120951] hidraw: raw HID events driver (C) Jiri Kosina
[    1.128722] usbcore: registered new interface driver usbhid
[    1.128724] usbhid: USB HID core driver
[    1.129819] ata2: SATA link up 3.0 Gbps (SStatus 123 SControl 300)
[    1.129910] ata2.00: ATA-6: VBOX HARDDISK, 1.0, max UDMA/133
[    1.129912] ata2.00: 209704799 sectors, multi 128: LBA48 NCQ (depth 31/32)
[    1.130008] ata2.00: configured for UDMA/133
[    1.132997] input: VirtualBox USB Tablet as /devices/pci0000:00/0000:00:06.0/usb1/1-1/1-1:1.0/0003:80EE:0021.0001/input/input2
[    1.133149] hid-generic 0003:80EE:0021.0001: input,hidraw0: USB HID v1.10 Mouse [VirtualBox USB Tablet] on usb-0000:00:06.0-1/input0
[    1.133560] scsi 1:0:0:0: Direct-Access     ATA      VBOX HARDDISK    1.0  PQ: 0 ANSI: 5
[    1.152520] scsi 3:0:0:0: CD-ROM            VBOX     CD-ROM           1.0  PQ: 0 ANSI: 5
[    1.155855] sd 0:0:0:0: [sda] 209704799 512-byte logical blocks: (107 GB/100.0 GiB)
[    1.155864] sd 0:0:0:0: [sda] Write Protect is off
[    1.155865] sd 0:0:0:0: [sda] Mode Sense: 00 3a 00 00
[    1.155876] sd 0:0:0:0: [sda] Write cache: enabled, read cache: enabled, doesn't support DPO or FUA
[    1.156255] sd 1:0:0:0: [sdb] 209704799 512-byte logical blocks: (107 GB/100.0 GiB)
[    1.156261] sd 1:0:0:0: [sdb] Write Protect is off
[    1.156262] sd 1:0:0:0: [sdb] Mode Sense: 00 3a 00 00
[    1.156273] sd 1:0:0:0: [sdb] Write cache: enabled, read cache: enabled, doesn't support DPO or FUA
[    1.162387]  sda: sda1
[    1.162605] sd 0:0:0:0: [sda] Attached SCSI disk
[    1.168774] sr 3:0:0:0: [sr0] scsi3-mmc drive: 32x/32x xa/form2 tray
[    1.168776] cdrom: Uniform CD-ROM driver Revision: 3.20
[    1.168979] sr 3:0:0:0: Attached scsi CD-ROM sr0
[    1.169082]  sdb: sdb1 sdb2 sdb3
[    1.169304] sd 1:0:0:0: [sdb] Attached SCSI disk
[    1.251917] random: fast init done
[    1.345481] tsc: Refined TSC clocksource calibration: 2891.444 MHz
[    1.345485] clocksource: tsc: mask: 0xffffffffffffffff max_cycles: 0x29adb065df5, max_idle_ns: 440795242113 ns
[    3.586652] floppy0: no floppy controllers found
[    3.586694] work still pending
[    3.700343] EXT4-fs (sda1): mounted filesystem with ordered data mode. Opts: (null)
[    4.393172] ip_tables: (C) 2000-2006 Netfilter Core Team
[    4.400278] systemd[1]: systemd 232 running in system mode. (+PAM -AUDIT -SELINUX -IMA -APPARMOR +SMACK -SYSVINIT +UTMP +LIBCRYPTSETUP +GCRYPT +GNUTLS +ACL +XZ +LZ4 +SECCOMP +BLKID +ELFUTILS +KMOD +IDN)
[    4.400311] systemd[1]: Detected virtualization oracle.
[    4.400315] systemd[1]: Detected architecture x86-64.
[    4.401576] systemd[1]: Set hostname to <roblabla>.
[    4.796993] systemd[1]: Listening on udev Kernel Socket.
[    4.797059] systemd[1]: Listening on LVM2 metadata daemon socket.
[    4.809340] systemd[1]: Started Dispatch Password Requests to Console Directory Watch.
[    4.809383] systemd[1]: Listening on Device-mapper event daemon FIFOs.
[    4.809755] systemd[1]: Created slice User and Session Slice.
[    4.809771] systemd[1]: Reached target Swap.
[    4.877014] EXT4-fs (sda1): re-mounted. Opts: data=ordered
[    5.264458] systemd-journald[169]: Received request to flush runtime journal from PID 1
[    5.362870] input: Power Button as /devices/LNXSYSTM:00/LNXPWRBN:00/input/input3
[    5.362874] ACPI: Power Button [PWRF]
[    5.363196] input: Sleep Button as /devices/LNXSYSTM:00/LNXSLPBN:00/input/input4
[    5.363198] ACPI: Sleep Button [SLPF]
[    5.448172] ACPI: AC Adapter [AC] (on-line)
[    5.453965] ACPI: Video Device [GFX0] (multi-head: yes  rom: no  post: no)
[    5.454044] input: Video Bus as /devices/LNXSYSTM:00/LNXSYBUS:00/PNP0A03:00/LNXVIDEO:00/input/input5
[    5.501615] FUJITSU Extended Socket Network Device Driver - version 1.2 - Copyright (c) 2015 FUJITSU LIMITED
[    5.547548] piix4_smbus 0000:00:07.0: SMBus base address uninitialized - upgrade BIOS or use force_addr=0xaddr
[    5.565948] input: PC Speaker as /devices/platform/pcspkr/input/input6
[    5.580861] RAPL PMU: API unit is 2^-32 Joules, 3 fixed counters, 10737418240 ms ovfl timer
[    5.580862] RAPL PMU: hw unit of domain pp0-core 2^-0 Joules
[    5.580863] RAPL PMU: hw unit of domain package 2^-0 Joules
[    5.580863] RAPL PMU: hw unit of domain pp1-gpu 2^-0 Joules
[    5.592576] e1000: Intel(R) PRO/1000 Network Driver - version 7.3.21-k8-NAPI
[    5.592577] e1000: Copyright (c) 1999-2006 Intel Corporation.
[    5.641327] AVX version of gcm_enc/dec engaged.
[    5.641328] AES CTR mode by8 optimization enabled
[    5.719149] ppdev: user-space parallel port driver
[    5.730679] mousedev: PS/2 mouse device common for all mice
[    5.773190] input: ImExPS/2 Generic Explorer Mouse as /devices/platform/i8042/serio1/input/input7
[    6.136806] e1000 0000:00:03.0 eth0: (PCI:33MHz:32-bit) 08:00:27:29:b9:7a
[    6.136811] e1000 0000:00:03.0 eth0: Intel(R) PRO/1000 Network Connection
[    6.141060] e1000 0000:00:03.0 enp0s3: renamed from eth0
[    6.248347] IPv6: ADDRCONF(NETDEV_UP): enp0s3: link is not ready
[    6.252162] e1000: enp0s3 NIC Link is Up 1000 Mbps Full Duplex, Flow Control: RX
[    6.252442] IPv6: ADDRCONF(NETDEV_CHANGE): enp0s3: link becomes ready
[    6.466576] snd_intel8x0 0000:00:05.0: white list rate for 1028:0177 is 48000
[    6.826264] random: crng init done
[    8.705969] floppy0: no floppy controllers found
[    8.706013] work still pending
[   13.098978] usb 1-2: new full-speed USB device number 3 using ohci-pci
[   13.400747] input: Yubico Yubikey NEO OTP+CCID as /devices/pci0000:00/0000:00:06.0/usb1/1-2/1-2:1.0/0003:1050:0111.0002/input/input8
[   13.433516] main: loading out-of-tree module taints kernel.
[   13.433916] Hello world!
[   13.455472] hid-generic 0003:1050:0111.0002: input,hidraw1: USB HID v1.10 Keyboard [Yubico Yubikey NEO OTP+CCID] on usb-0000:00:06.0-2/input0
[   13.455993] usbcore: registered new interface driver hello_world_driver
[   30.898138] usb 1-2: USB disconnect, device number 3
[   46.232210] usb 1-2: new full-speed USB device number 4 using ohci-pci
[   46.527248] input: Yubico Yubikey NEO OTP+CCID as /devices/pci0000:00/0000:00:06.0/usb1/1-2/1-2:1.0/0003:1050:0111.0003/input/input9
[   46.583070] hid-generic 0003:1050:0111.0003: input,hidraw1: USB HID v1.10 Keyboard [Yubico Yubikey NEO OTP+CCID] on usb-0000:00:06.0-2/input0
[   55.314523] usb 1-2: USB disconnect, device number 4
